// Jest Snapshot v1, https://goo.gl/fbAQLP

exports[`PostItem renders correctly 1`] = `null`;
