// Jest Snapshot v1, https://goo.gl/fbAQLP

exports[`Logout renders correctly 1`] = `
<div
  className="logout-page"
>
  <h2>
    Logging out...
  </h2>
</div>
`;
